[0m17:23:30.579219 [debug] [MainThread]: Sending event: {'category': 'dbt', 'action': 'invocation', 'label': 'start', 'context': [<snowplow_tracker.self_describing_json.SelfDescribingJson object at 0x000001BC2EA4CC20>, <snowplow_tracker.self_describing_json.SelfDescribingJson object at 0x000001BC2C574B90>, <snowplow_tracker.self_describing_json.SelfDescribingJson object at 0x000001BC3130B890>]}


============================== 17:23:30.589130 | bfd2c36a-e0d0-46b9-985d-6e7b2fe64701 ==============================
[0m17:23:30.589130 [info ] [MainThread]: Running with dbt=1.12.5
[0m17:23:30.589726 [debug] [MainThread]: running dbt with arguments {'maximum_seed_size_mib': '1', 'no_print': 'None', 'static_parser': 'True', 'warn_error_options': 'WarnErrorOptionsV2(error=[], warn=[], silence=[])', 'version_check': 'True', 'target_path': 'None', 'printer_width': '80', 'write_json': 'True', 'empty': 'None', 'log_cache_events': 'False', 'introspect': 'True', 'cache_selected_only': 'False', 'log_format': 'default', 'debug': 'False', 'fail_fast': 'False', 'partial_parse': 'True', 'send_anonymous_usage_stats': 'True', 'quiet': 'False', 'warn_error': 'None', 'profiles_dir': 'C:\\Users\\MANISH\\.dbt', 'indirect_selection': 'eager', 'hints_enabled': 'True', 'invocation_command': 'dbt init', 'use_experimental_parser': 'False', 'use_colors': 'True', 'log_path': 'logs'}
[0m17:23:43.695762 [debug] [MainThread]: Starter project path: C:\Users\MANISH\AppData\Local\Programs\Python\Python314\Lib\site-packages\dbt\include\starter_project
[0m17:23:43.707108 [info ] [MainThread]: Setting up your profile.
[0m17:28:06.356695 [info ] [MainThread]: Profile dbt_project written to C:\Users\MANISH\.dbt\profiles.yml using target's profile_template.yml and your supplied values.
[0m17:28:06.376873 [info ] [MainThread]: Running dbt debug to validate the project...
[0m17:28:06.377875 [info ] [MainThread]: dbt version: 1.12.5
[0m17:28:06.378175 [info ] [MainThread]: python version: 3.14.4
[0m17:28:06.378458 [info ] [MainThread]: python path: C:\Users\MANISH\AppData\Local\Programs\Python\Python314\python.exe
[0m17:28:06.378740 [info ] [MainThread]: os info: Windows-11-10.0.26300-SP0
[0m17:28:06.400773 [info ] [MainThread]: Using profiles dir at C:\Users\MANISH\.dbt
[0m17:28:06.401458 [info ] [MainThread]: Using profiles.yml file at C:\Users\MANISH\.dbt\profiles.yml
[0m17:28:06.401899 [info ] [MainThread]: Using dbt_project.yml file at E:\dbt's-project\dbt_project\dbt_project.yml
[0m17:28:06.402868 [info ] [MainThread]: adapter type: postgres
[0m17:28:06.403266 [info ] [MainThread]: adapter version: 1.11.0
[0m17:28:06.495422 [info ] [MainThread]: Configuration:
[0m17:28:06.495994 [info ] [MainThread]:   profiles.yml file [[32mOK found and valid[0m]
[0m17:28:06.496369 [info ] [MainThread]:   dbt_project.yml file [[32mOK found and valid[0m]
[0m17:28:06.496715 [info ] [MainThread]: Required dependencies:
[0m17:28:06.497078 [debug] [MainThread]: Executing "git --help"
[0m17:28:06.538673 [debug] [MainThread]: STDOUT: "b"usage: git [-v | --version] [-h | --help] [-C <path>] [-c <name>=<value>]\n           [--exec-path[=<path>]] [--html-path] [--man-path] [--info-path]\n           [-p | --paginate | -P | --no-pager] [--no-replace-objects] [--no-lazy-fetch]\n           [--no-optional-locks] [--no-advice] [--bare] [--git-dir=<path>]\n           [--work-tree=<path>] [--namespace=<name>] [--config-env=<name>=<envvar>]\n           <command> [<args>]\n\nThese are common Git commands used in various situations:\n\nstart a working area (see also: git help tutorial)\n   clone      Clone a repository into a new directory\n   init       Create an empty Git repository or reinitialize an existing one\n\nwork on the current change (see also: git help everyday)\n   add        Add file contents to the index\n   mv         Move or rename a file, a directory, or a symlink\n   restore    Restore working tree files\n   rm         Remove files from the working tree and from the index\n\nexamine the history and state (see also: git help revisions)\n   bisect     Use binary search to find the commit that introduced a bug\n   diff       Show changes between commits, commit and working tree, etc\n   grep       Print lines matching a pattern\n   log        Show commit logs\n   show       Show various types of objects\n   status     Show the working tree status\n\ngrow, mark and tweak your common history\n   backfill   Download missing objects in a partial clone\n   branch     List, create, or delete branches\n   commit     Record changes to the repository\n   merge      Join two or more development histories together\n   rebase     Reapply commits on top of another base tip\n   reset      Set `HEAD` or the index to a known state\n   switch     Switch branches\n   tag        Create, list, delete or verify tags\n\ncollaborate (see also: git help workflows)\n   fetch      Download objects and refs from another repository\n   pull       Fetch from and integrate with another repository or a local branch\n   push       Update remote refs along with associated objects\n\n'git help -a' and 'git help -g' list available subcommands and some\nconcept guides. See 'git help <command>' or 'git help <concept>'\nto read about a specific subcommand or concept.\nSee 'git help git' for an overview of the system.\n""
[0m17:28:06.539254 [debug] [MainThread]: STDERR: "b''"
[0m17:28:06.539598 [info ] [MainThread]:  - git [[32mOK found[0m]

[0m17:28:06.539943 [info ] [MainThread]: Connection:
[0m17:28:06.540295 [info ] [MainThread]:   host: localhost
[0m17:28:06.540598 [info ] [MainThread]:   port: 5432
[0m17:28:06.540880 [info ] [MainThread]:   user: postgres
[0m17:28:06.541257 [info ] [MainThread]:   database: postgres
[0m17:28:06.541636 [info ] [MainThread]:   schema: public
[0m17:28:06.541914 [info ] [MainThread]:   connect_timeout: 10
[0m17:28:06.542178 [info ] [MainThread]:   role: None
[0m17:28:06.542436 [info ] [MainThread]:   search_path: None
[0m17:28:06.542726 [info ] [MainThread]:   keepalives_idle: 0
[0m17:28:06.543008 [info ] [MainThread]:   sslmode: None
[0m17:28:06.543278 [info ] [MainThread]:   sslcert: None
[0m17:28:06.543546 [info ] [MainThread]:   sslkey: None
[0m17:28:06.543832 [info ] [MainThread]:   sslrootcert: None
[0m17:28:06.544097 [info ] [MainThread]:   application_name: dbt
[0m17:28:06.544358 [info ] [MainThread]:   autocommit: False
[0m17:28:06.544618 [info ] [MainThread]:   retries: 1
[0m17:28:06.545057 [info ] [MainThread]: Registered adapter: postgres=1.11.0
[0m17:28:06.836969 [debug] [MainThread]: Acquiring new postgres connection 'debug'
[0m17:28:06.975465 [debug] [MainThread]: Using postgres connection "debug"
[0m17:28:06.975808 [debug] [MainThread]: On debug: select 1 as id
[0m17:28:06.976028 [debug] [MainThread]: Opening a new connection, currently in state init
[0m17:28:07.188413 [debug] [MainThread]: SQL status: SELECT 1 in 0.212 seconds
[0m17:28:07.189496 [debug] [MainThread]: On debug: Close
[0m17:28:07.189866 [info ] [MainThread]:   Connection test: [[32mOK connection ok[0m]

[0m17:28:07.190332 [info ] [MainThread]: [32mAll checks passed![0m
[0m17:28:07.190847 [info ] [MainThread]: Your new dbt project "dbt_project" was created!
Initialized new project in E:\dbt's-project\dbt_project\dbt_project

For more information on how to configure the profiles.yml file,
please consult the dbt documentation here:

  https://docs.getdbt.com/docs/configure-your-profile

One more thing:

Need help? Don't hesitate to reach out to us via GitHub issues or on Slack:

  https://community.getdbt.com/

Happy modeling!

[0m17:28:07.191898 [debug] [MainThread]: Command `dbt init` succeeded at 17:28:07.191784 after 276.75 seconds
[0m17:28:07.192192 [debug] [MainThread]: Connection 'debug' was properly closed.
[0m17:28:07.192498 [debug] [MainThread]: Sending event: {'category': 'dbt', 'action': 'invocation', 'label': 'end', 'context': [<snowplow_tracker.self_describing_json.SelfDescribingJson object at 0x000001BC31132B10>, <snowplow_tracker.self_describing_json.SelfDescribingJson object at 0x000001BC319DBBF0>, <snowplow_tracker.self_describing_json.SelfDescribingJson object at 0x000001BC2F5ACAF0>]}
[0m17:28:07.192901 [debug] [MainThread]: Flushing usage events
[0m17:28:08.901584 [debug] [MainThread]: An error was encountered while trying to flush usage events
